[Message:   BepInEx] BepInEx 5.4.23.5 - How to Fish (2026/8/24 12:29:09)
[Info   :   BepInEx] Running under Unity v6000.4.4.3542935
[Info   :   BepInEx] CLR runtime version: 4.0.30319.42000
[Info   :   BepInEx] Supports SRE: True
[Info   :   BepInEx] System platform: Bits64, Windows
[Message:   BepInEx] Preloader started
[Info   :   BepInEx] Loaded 1 patcher method from [BepInEx.Preloader 5.4.23.5]
[Info   :   BepInEx] 1 patcher plugin loaded
[Info   :   BepInEx] Patching [UnityEngine.CoreModule] with [BepInEx.Chainloader]
[Message:   BepInEx] Preloader finished
[Message:   BepInEx] Chainloader ready
[Message:   BepInEx] Chainloader started
[Info   :   BepInEx] 4 plugins to load
[Info   :   BepInEx] Loading [Fish Aimbot 1.1.0]
[Info   :   BepInEx] Loading [NoSharedMoney 1.0.0]
[Info   :NoSharedMoney] Hooked 8/8 purchase paths: BuyItem, BuyBait, BuyAttachment, BuyBulletUpgrade, BuySharpnessUpgrade, BuyBoatMotor, BuyBoatRadar, UnlockPocket
[Info   :NoSharedMoney] NoSharedMoney 1.0.0 loaded. Money is now per-player; every player needs this mod installed.
[Info   :   BepInEx] Loading [Complete Cheat Menu 0.6.1]
[Info   :Complete Cheat Menu] 7 method(s) patched.
[Info   :Complete Cheat Menu] 已加载 完整作弊菜单​​​​​​​​​​​​​ 0.6.1。进入游戏后按 Insert。​​​​​​​​​​​
[Info   :   BepInEx] Loading [Keep Inventory 1.0.0]
[Info   :Keep Inventory] KeepInventory loaded!
[Message:   BepInEx] Chainloader startup complete
[Error  : Unity Log] Steam Initialization failed, check the log for more information.
[Error  : Unity Log] [Steamworks.NET] Steam Initialization failed, check the log for more information
[Info   : Unity Log] No AudioManager in scene
[Error  : Unity Log] InvalidOperationException: Steamworks is not initialized.
Stack trace:
Steamworks.InteropHelp.TestIfAvailableClient () (at <838935102a5b43408219717ae515cc24>:0)
Steamworks.SteamNetworkingUtils.InitRelayNetworkAccess () (at <838935102a5b43408219717ae515cc24>:0)
SteamManager.Awake () (at <5bfce772ee8240f59e5be1cd1212f3dd>:0)

